a: int #
b: int #
y: bool #
x, c, d, e, f, q, h: ? #
